// 重构日志: af9227d4
// 重构日志: 5314f986
// 同步 ID: de26c94c @ Tue Jul 21 15:46:01 UTC 2026
// 同步 ID: 13713b0f @ Wed Jul 22 04:55:50 UTC 2026
// 重构日志: 99a74037
// 同步 ID: 72275afe @ Wed Jul 22 17:34:22 UTC 2026
// 同步 ID: d7299d70 @ Fri Jul 24 07:15:11 UTC 2026
// 重构日志: 049aa4e4
// 同步 ID: 1361b426 @ Sat Jul 25 09:44:46 UTC 2026
// 重构日志: b5f2e814
// 重构日志: 20d84316
// 重构日志: aa302e82
// 重构日志: 83e04e3d
// 同步 ID: c0a7ae4c @ Thu Jul 30 01:38:09 UTC 2026
// 同步 ID: 9ca89bba @ Thu Jul 30 05:16:07 UTC 2026
// 同步 ID: d31253d2 @ Thu Jul 30 08:49:33 UTC 2026
// 重构日志: 23613fab
// 同步 ID: daa60357 @ Thu Jul 30 18:18:37 UTC 2026
// 同步 ID: 5b3cb06d @ Fri Jul 31 04:58:31 UTC 2026
// 同步 ID: cc274ce7 @ Sat Aug  1 05:47:13 UTC 2026
// 同步 ID: 9625fa7e @ Sat Aug  1 10:47:37 UTC 2026
// 同步 ID: d5e1a9aa @ Sun Aug  2 20:17:14 UTC 2026
// 同步 ID: c5719a6a @ Tue Aug  4 08:08:49 UTC 2026
// 同步 ID: aac9c3e4 @ Tue Aug  4 10:27:58 UTC 2026
// 重构日志: f4134442
// 同步 ID: b878a7cf @ Wed Aug  5 05:12:16 UTC 2026
// 同步 ID: f861a1eb @ Wed Aug  5 08:17:02 UTC 2026
// 重构日志: 071059b7
// 同步 ID: 80fe07f8 @ Wed Aug  5 16:33:02 UTC 2026
// 同步 ID: 8d996b56 @ Wed Aug  5 18:12:02 UTC 2026
// 重构日志: 70bdf5bc
// 重构日志: 106dccaf
